INFO:     Will watch for changes in these directories: ['/home/hf/Documents/raes-demo/raes-demo']
INFO:     Uvicorn running on http://127.0.0.1:8005 (Press CTRL+C to quit)
INFO:     Started reloader process [177065] using StatReload
INFO:     Started server process [177067]
INFO:     Waiting for application startup.
INFO:     Application startup complete.
WARNING:  StatReload detected changes in 'src/services/yolo_service.py'. Reloading...
INFO:     Shutting down
INFO:     Waiting for application shutdown.
INFO:     Application shutdown complete.
INFO:     Finished server process [177067]
INFO:     Started server process [188288]
INFO:     Waiting for application startup.
INFO:     Application startup complete.
WARNING:  StatReload detected changes in 'src/routers/routes_yolo.py'. Reloading...
INFO:     Shutting down
INFO:     Waiting for application shutdown.
INFO:     Application shutdown complete.
INFO:     Finished server process [188288]
Process SpawnProcess-3:
Traceback (most recent call last):
  File "/usr/lib/python3.13/multiprocessing/process.py", line 313, in _bootstrap
    self.run()
    ~~~~~~~~^^
  File "/usr/lib/python3.13/multiprocessing/process.py", line 108, in run
    self._target(*self._args, **self._kwargs)
    ~~~~~~~~~~~~^^^^^^^^^^^^^^^^^^^^^^^^^^^^^
  File "/home/hf/Documents/raes-demo/raes-demo/.venv/lib/python3.13/site-packages/uvicorn/_subprocess.py", line 80, in subprocess_started
    target(sockets=sockets)
    ~~~~~~^^^^^^^^^^^^^^^^^
  File "/home/hf/Documents/raes-demo/raes-demo/.venv/lib/python3.13/site-packages/uvicorn/server.py", line 67, in run
    return asyncio_run(self.serve(sockets=sockets), loop_factory=self.config.get_loop_factory())
  File "/usr/lib/python3.13/asyncio/runners.py", line 195, in run
    return runner.run(main)
           ~~~~~~~~~~^^^^^^
  File "/usr/lib/python3.13/asyncio/runners.py", line 118, in run
    return self._loop.run_until_complete(task)
           ~~~~~~~~~~~~~~~~~~~~~~~~~~~~~^^^^^^
  File "/usr/lib/python3.13/asyncio/base_events.py", line 725, in run_until_complete
    return future.result()
           ~~~~~~~~~~~~~^^
  File "/home/hf/Documents/raes-demo/raes-demo/.venv/lib/python3.13/site-packages/uvicorn/server.py", line 71, in serve
    await self._serve(sockets)
  File "/home/hf/Documents/raes-demo/raes-demo/.venv/lib/python3.13/site-packages/uvicorn/server.py", line 78, in _serve
    config.load()
    ~~~~~~~~~~~^^
  File "/home/hf/Documents/raes-demo/raes-demo/.venv/lib/python3.13/site-packages/uvicorn/config.py", line 439, in load
    self.loaded_app = import_from_string(self.app)
                      ~~~~~~~~~~~~~~~~~~^^^^^^^^^^
  File "/home/hf/Documents/raes-demo/raes-demo/.venv/lib/python3.13/site-packages/uvicorn/importer.py", line 22, in import_from_string
    raise exc from None
  File "/home/hf/Documents/raes-demo/raes-demo/.venv/lib/python3.13/site-packages/uvicorn/importer.py", line 19, in import_from_string
    module = importlib.import_module(module_str)
  File "/usr/lib/python3.13/importlib/__init__.py", line 88, in import_module
    return _bootstrap._gcd_import(name[level:], package, level)
           ~~~~~~~~~~~~~~~~~~~~~~^^^^^^^^^^^^^^^^^^^^^^^^^^^^^^
  File "<frozen importlib._bootstrap>", line 1387, in _gcd_import
  File "<frozen importlib._bootstrap>", line 1360, in _find_and_load
  File "<frozen importlib._bootstrap>", line 1331, in _find_and_load_unlocked
  File "<frozen importlib._bootstrap>", line 935, in _load_unlocked
  File "<frozen importlib._bootstrap_external>", line 1027, in exec_module
  File "<frozen importlib._bootstrap>", line 488, in _call_with_frames_removed
  File "/home/hf/Documents/raes-demo/raes-demo/main.py", line 4, in <module>
    from src.routers import clients, routes_inspection, sse_inspection, inventory, routes_yolo
  File "/home/hf/Documents/raes-demo/raes-demo/src/routers/routes_yolo.py", line 4, in <module>
    from services.yolo_service import get_model
ModuleNotFoundError: No module named 'services'
WARNING:  StatReload detected changes in 'src/routers/routes_yolo.py'. Reloading...
INFO:     Started server process [191263]
INFO:     Waiting for application startup.
INFO:     Application startup complete.
WARNING:  StatReload detected changes in 'src/utils/yolo_video_utils.py'. Reloading...
INFO:     Shutting down
INFO:     Waiting for application shutdown.
INFO:     Application shutdown complete.
INFO:     Finished server process [191263]
WARNING:  StatReload detected changes in 'src/routers/routes_yolo.py'. Reloading...
INFO:     Started server process [192979]
INFO:     Waiting for application startup.
INFO:     Application startup complete.
INFO:     Started server process [193426]
INFO:     Waiting for application startup.
INFO:     Application startup complete.
WARNING:  StatReload detected changes in 'src/utils/yolo_video_utils.py'. Reloading...
INFO:     Shutting down
INFO:     Waiting for application shutdown.
INFO:     Application shutdown complete.
INFO:     Finished server process [193426]
INFO:     Started server process [194747]
INFO:     Waiting for application startup.
INFO:     Application startup complete.
WARNING:  StatReload detected changes in 'src/utils/yolo_video_utils.py'. Reloading...
INFO:     Shutting down
INFO:     Waiting for application shutdown.
INFO:     Application shutdown complete.
INFO:     Finished server process [194747]
Process SpawnProcess-8:
Traceback (most recent call last):
  File "/usr/lib/python3.13/multiprocessing/process.py", line 313, in _bootstrap
    self.run()
    ~~~~~~~~^^
  File "/usr/lib/python3.13/multiprocessing/process.py", line 108, in run
    self._target(*self._args, **self._kwargs)
    ~~~~~~~~~~~~^^^^^^^^^^^^^^^^^^^^^^^^^^^^^
  File "/home/hf/Documents/raes-demo/raes-demo/.venv/lib/python3.13/site-packages/uvicorn/_subprocess.py", line 80, in subprocess_started
    target(sockets=sockets)
    ~~~~~~^^^^^^^^^^^^^^^^^
  File "/home/hf/Documents/raes-demo/raes-demo/.venv/lib/python3.13/site-packages/uvicorn/server.py", line 67, in run
    return asyncio_run(self.serve(sockets=sockets), loop_factory=self.config.get_loop_factory())
  File "/usr/lib/python3.13/asyncio/runners.py", line 195, in run
    return runner.run(main)
           ~~~~~~~~~~^^^^^^
  File "/usr/lib/python3.13/asyncio/runners.py", line 118, in run
    return self._loop.run_until_complete(task)
           ~~~~~~~~~~~~~~~~~~~~~~~~~~~~~^^^^^^
  File "/usr/lib/python3.13/asyncio/base_events.py", line 725, in run_until_complete
    return future.result()
           ~~~~~~~~~~~~~^^
  File "/home/hf/Documents/raes-demo/raes-demo/.venv/lib/python3.13/site-packages/uvicorn/server.py", line 71, in serve
    await self._serve(sockets)
  File "/home/hf/Documents/raes-demo/raes-demo/.venv/lib/python3.13/site-packages/uvicorn/server.py", line 78, in _serve
    config.load()
    ~~~~~~~~~~~^^
  File "/home/hf/Documents/raes-demo/raes-demo/.venv/lib/python3.13/site-packages/uvicorn/config.py", line 439, in load
    self.loaded_app = import_from_string(self.app)
                      ~~~~~~~~~~~~~~~~~~^^^^^^^^^^
  File "/home/hf/Documents/raes-demo/raes-demo/.venv/lib/python3.13/site-packages/uvicorn/importer.py", line 19, in import_from_string
    module = importlib.import_module(module_str)
  File "/usr/lib/python3.13/importlib/__init__.py", line 88, in import_module
    return _bootstrap._gcd_import(name[level:], package, level)
           ~~~~~~~~~~~~~~~~~~~~~~^^^^^^^^^^^^^^^^^^^^^^^^^^^^^^
  File "<frozen importlib._bootstrap>", line 1387, in _gcd_import
  File "<frozen importlib._bootstrap>", line 1360, in _find_and_load
  File "<frozen importlib._bootstrap>", line 1331, in _find_and_load_unlocked
  File "<frozen importlib._bootstrap>", line 935, in _load_unlocked
  File "<frozen importlib._bootstrap_external>", line 1027, in exec_module
  File "<frozen importlib._bootstrap>", line 488, in _call_with_frames_removed
  File "/home/hf/Documents/raes-demo/raes-demo/main.py", line 4, in <module>
    from src.routers import clients, routes_inspection, sse_inspection, inventory, routes_yolo
  File "/home/hf/Documents/raes-demo/raes-demo/src/routers/routes_yolo.py", line 3, in <module>
    from ..utils import yolo_video_utils
  File "/home/hf/Documents/raes-demo/raes-demo/src/utils/yolo_video_utils.py", line 34, in <module>
    model = get_model()
  File "/home/hf/Documents/raes-demo/raes-demo/src/utils/yolo_video_utils.py", line 31, in get_model
    raise RuntimeError("YOLO model not loaded. Call load_model() first.")
RuntimeError: YOLO model not loaded. Call load_model() first.
WARNING:  StatReload detected changes in 'src/routers/routes_yolo.py'. Reloading...
Process SpawnProcess-9:
Traceback (most recent call last):
  File "/usr/lib/python3.13/multiprocessing/process.py", line 313, in _bootstrap
    self.run()
    ~~~~~~~~^^
  File "/usr/lib/python3.13/multiprocessing/process.py", line 108, in run
    self._target(*self._args, **self._kwargs)
    ~~~~~~~~~~~~^^^^^^^^^^^^^^^^^^^^^^^^^^^^^
  File "/home/hf/Documents/raes-demo/raes-demo/.venv/lib/python3.13/site-packages/uvicorn/_subprocess.py", line 80, in subprocess_started
    target(sockets=sockets)
    ~~~~~~^^^^^^^^^^^^^^^^^
  File "/home/hf/Documents/raes-demo/raes-demo/.venv/lib/python3.13/site-packages/uvicorn/server.py", line 67, in run
    return asyncio_run(self.serve(sockets=sockets), loop_factory=self.config.get_loop_factory())
  File "/usr/lib/python3.13/asyncio/runners.py", line 195, in run
    return runner.run(main)
           ~~~~~~~~~~^^^^^^
  File "/usr/lib/python3.13/asyncio/runners.py", line 118, in run
    return self._loop.run_until_complete(task)
           ~~~~~~~~~~~~~~~~~~~~~~~~~~~~~^^^^^^
  File "/usr/lib/python3.13/asyncio/base_events.py", line 725, in run_until_complete
    return future.result()
           ~~~~~~~~~~~~~^^
  File "/home/hf/Documents/raes-demo/raes-demo/.venv/lib/python3.13/site-packages/uvicorn/server.py", line 71, in serve
    await self._serve(sockets)
  File "/home/hf/Documents/raes-demo/raes-demo/.venv/lib/python3.13/site-packages/uvicorn/server.py", line 78, in _serve
    config.load()
    ~~~~~~~~~~~^^
  File "/home/hf/Documents/raes-demo/raes-demo/.venv/lib/python3.13/site-packages/uvicorn/config.py", line 439, in load
    self.loaded_app = import_from_string(self.app)
                      ~~~~~~~~~~~~~~~~~~^^^^^^^^^^
  File "/home/hf/Documents/raes-demo/raes-demo/.venv/lib/python3.13/site-packages/uvicorn/importer.py", line 19, in import_from_string
    module = importlib.import_module(module_str)
  File "/usr/lib/python3.13/importlib/__init__.py", line 88, in import_module
    return _bootstrap._gcd_import(name[level:], package, level)
           ~~~~~~~~~~~~~~~~~~~~~~^^^^^^^^^^^^^^^^^^^^^^^^^^^^^^
  File "<frozen importlib._bootstrap>", line 1387, in _gcd_import
  File "<frozen importlib._bootstrap>", line 1360, in _find_and_load
  File "<frozen importlib._bootstrap>", line 1331, in _find_and_load_unlocked
  File "<frozen importlib._bootstrap>", line 935, in _load_unlocked
  File "<frozen importlib._bootstrap_external>", line 1027, in exec_module
  File "<frozen importlib._bootstrap>", line 488, in _call_with_frames_removed
  File "/home/hf/Documents/raes-demo/raes-demo/main.py", line 4, in <module>
    from src.routers import clients, routes_inspection, sse_inspection, inventory, routes_yolo
  File "/home/hf/Documents/raes-demo/raes-demo/src/routers/routes_yolo.py", line 3, in <module>
    from ..utils import yolo_video_utils
  File "/home/hf/Documents/raes-demo/raes-demo/src/utils/yolo_video_utils.py", line 34, in <module>
    model = get_model()
  File "/home/hf/Documents/raes-demo/raes-demo/src/utils/yolo_video_utils.py", line 31, in get_model
    raise RuntimeError("YOLO model not loaded. Call load_model() first.")
RuntimeError: YOLO model not loaded. Call load_model() first.
WARNING:  StatReload detected changes in 'src/utils/yolo_video_utils.py'. Reloading...
Failed to load YOLO model: PytorchStreamReader failed reading zip archive: failed finding central directory
Process SpawnProcess-10:
Traceback (most recent call last):
  File "/usr/lib/python3.13/multiprocessing/process.py", line 313, in _bootstrap
    self.run()
    ~~~~~~~~^^
  File "/usr/lib/python3.13/multiprocessing/process.py", line 108, in run
    self._target(*self._args, **self._kwargs)
    ~~~~~~~~~~~~^^^^^^^^^^^^^^^^^^^^^^^^^^^^^
  File "/home/hf/Documents/raes-demo/raes-demo/.venv/lib/python3.13/site-packages/uvicorn/_subprocess.py", line 80, in subprocess_started
    target(sockets=sockets)
    ~~~~~~^^^^^^^^^^^^^^^^^
  File "/home/hf/Documents/raes-demo/raes-demo/.venv/lib/python3.13/site-packages/uvicorn/server.py", line 67, in run
    return asyncio_run(self.serve(sockets=sockets), loop_factory=self.config.get_loop_factory())
  File "/usr/lib/python3.13/asyncio/runners.py", line 195, in run
    return runner.run(main)
           ~~~~~~~~~~^^^^^^
  File "/usr/lib/python3.13/asyncio/runners.py", line 118, in run
    return self._loop.run_until_complete(task)
           ~~~~~~~~~~~~~~~~~~~~~~~~~~~~~^^^^^^
  File "/usr/lib/python3.13/asyncio/base_events.py", line 725, in run_until_complete
    return future.result()
           ~~~~~~~~~~~~~^^
  File "/home/hf/Documents/raes-demo/raes-demo/.venv/lib/python3.13/site-packages/uvicorn/server.py", line 71, in serve
    await self._serve(sockets)
  File "/home/hf/Documents/raes-demo/raes-demo/.venv/lib/python3.13/site-packages/uvicorn/server.py", line 78, in _serve
    config.load()
    ~~~~~~~~~~~^^
  File "/home/hf/Documents/raes-demo/raes-demo/.venv/lib/python3.13/site-packages/uvicorn/config.py", line 439, in load
    self.loaded_app = import_from_string(self.app)
                      ~~~~~~~~~~~~~~~~~~^^^^^^^^^^
  File "/home/hf/Documents/raes-demo/raes-demo/.venv/lib/python3.13/site-packages/uvicorn/importer.py", line 19, in import_from_string
    module = importlib.import_module(module_str)
  File "/usr/lib/python3.13/importlib/__init__.py", line 88, in import_module
    return _bootstrap._gcd_import(name[level:], package, level)
           ~~~~~~~~~~~~~~~~~~~~~~^^^^^^^^^^^^^^^^^^^^^^^^^^^^^^
  File "<frozen importlib._bootstrap>", line 1387, in _gcd_import
  File "<frozen importlib._bootstrap>", line 1360, in _find_and_load
  File "<frozen importlib._bootstrap>", line 1331, in _find_and_load_unlocked
  File "<frozen importlib._bootstrap>", line 935, in _load_unlocked
  File "<frozen importlib._bootstrap_external>", line 1027, in exec_module
  File "<frozen importlib._bootstrap>", line 488, in _call_with_frames_removed
  File "/home/hf/Documents/raes-demo/raes-demo/main.py", line 4, in <module>
    from src.routers import clients, routes_inspection, sse_inspection, inventory, routes_yolo
  File "/home/hf/Documents/raes-demo/raes-demo/src/routers/routes_yolo.py", line 3, in <module>
    from ..utils import yolo_video_utils
  File "/home/hf/Documents/raes-demo/raes-demo/src/utils/yolo_video_utils.py", line 34, in <module>
    load_model()
    ~~~~~~~~~~^^
  File "/home/hf/Documents/raes-demo/raes-demo/src/utils/yolo_video_utils.py", line 19, in load_model
    yolo_model = YOLO(model_path)
  File "/home/hf/Documents/raes-demo/raes-demo/.venv/lib/python3.13/site-packages/ultralytics/models/yolo/model.py", line 76, in __init__
    super().__init__(model=model, task=task, verbose=verbose)
    ~~~~~~~~~~~~~~~~^^^^^^^^^^^^^^^^^^^^^^^^^^^^^^^^^^^^^^^^^
  File "/home/hf/Documents/raes-demo/raes-demo/.venv/lib/python3.13/site-packages/ultralytics/engine/model.py", line 144, in __init__
    self._load(model, task=task)
    ~~~~~~~~~~^^^^^^^^^^^^^^^^^^
  File "/home/hf/Documents/raes-demo/raes-demo/.venv/lib/python3.13/site-packages/ultralytics/engine/model.py", line 283, in _load
    self.model, self.ckpt = load_checkpoint(weights)
                            ~~~~~~~~~~~~~~~^^^^^^^^^
  File "/home/hf/Documents/raes-demo/raes-demo/.venv/lib/python3.13/site-packages/ultralytics/nn/tasks.py", line 1461, in load_checkpoint
    ckpt, weight = torch_safe_load(weight)  # load ckpt
                   ~~~~~~~~~~~~~~~^^^^^^^^
  File "/home/hf/Documents/raes-demo/raes-demo/.venv/lib/python3.13/site-packages/ultralytics/nn/tasks.py", line 1409, in torch_safe_load
    ckpt = torch_load(file, map_location="cpu")
  File "/home/hf/Documents/raes-demo/raes-demo/.venv/lib/python3.13/site-packages/ultralytics/utils/patches.py", line 116, in torch_load
    return torch.load(*args, **kwargs)
           ~~~~~~~~~~^^^^^^^^^^^^^^^^^
  File "/home/hf/Documents/raes-demo/raes-demo/.venv/lib/python3.13/site-packages/torch/serialization.py", line 1491, in load
    with _open_zipfile_reader(opened_file) as opened_zipfile:
         ~~~~~~~~~~~~~~~~~~~~^^^^^^^^^^^^^
  File "/home/hf/Documents/raes-demo/raes-demo/.venv/lib/python3.13/site-packages/torch/serialization.py", line 771, in __init__
    super().__init__(torch._C.PyTorchFileReader(name_or_buffer))
                     ~~~~~~~~~~~~~~~~~~~~~~~~~~^^^^^^^^^^^^^^^^
RuntimeError: PytorchStreamReader failed reading zip archive: failed finding central directory
WARNING:  StatReload detected changes in 'src/utils/yolo_video_utils.py'. Reloading...
INFO:     Started server process [232863]
INFO:     Waiting for application startup.
INFO:     Application startup complete.
WARNING:  StatReload detected changes in 'src/utils/yolo_video_utils.py'. Reloading...
INFO:     Shutting down
INFO:     Waiting for application shutdown.
INFO:     Application shutdown complete.
INFO:     Finished server process [232863]
INFO:     Started server process [234138]
INFO:     Waiting for application startup.
INFO:     Application startup complete.
WARNING:  StatReload detected changes in 'src/routers/routes_yolo.py'. Reloading...
INFO:     Shutting down
INFO:     Waiting for application shutdown.
INFO:     Application shutdown complete.
INFO:     Finished server process [234138]
INFO:     Started server process [234610]
INFO:     Waiting for application startup.
INFO:     Application startup complete.
WARNING:  StatReload detected changes in 'src/routers/routes_yolo.py'. Reloading...
INFO:     Shutting down
INFO:     Waiting for application shutdown.
INFO:     Application shutdown complete.
INFO:     Finished server process [234610]
Process SpawnProcess-14:
Traceback (most recent call last):
  File "/usr/lib/python3.13/multiprocessing/process.py", line 313, in _bootstrap
    self.run()
    ~~~~~~~~^^
  File "/usr/lib/python3.13/multiprocessing/process.py", line 108, in run
    self._target(*self._args, **self._kwargs)
    ~~~~~~~~~~~~^^^^^^^^^^^^^^^^^^^^^^^^^^^^^
  File "/home/hf/Documents/raes-demo/raes-demo/.venv/lib/python3.13/site-packages/uvicorn/_subprocess.py", line 80, in subprocess_started
    target(sockets=sockets)
    ~~~~~~^^^^^^^^^^^^^^^^^
  File "/home/hf/Documents/raes-demo/raes-demo/.venv/lib/python3.13/site-packages/uvicorn/server.py", line 67, in run
    return asyncio_run(self.serve(sockets=sockets), loop_factory=self.config.get_loop_factory())
  File "/usr/lib/python3.13/asyncio/runners.py", line 195, in run
    return runner.run(main)
           ~~~~~~~~~~^^^^^^
  File "/usr/lib/python3.13/asyncio/runners.py", line 118, in run
    return self._loop.run_until_complete(task)
           ~~~~~~~~~~~~~~~~~~~~~~~~~~~~~^^^^^^
  File "/usr/lib/python3.13/asyncio/base_events.py", line 725, in run_until_complete
    return future.result()
           ~~~~~~~~~~~~~^^
  File "/home/hf/Documents/raes-demo/raes-demo/.venv/lib/python3.13/site-packages/uvicorn/server.py", line 71, in serve
    await self._serve(sockets)
  File "/home/hf/Documents/raes-demo/raes-demo/.venv/lib/python3.13/site-packages/uvicorn/server.py", line 78, in _serve
    config.load()
    ~~~~~~~~~~~^^
  File "/home/hf/Documents/raes-demo/raes-demo/.venv/lib/python3.13/site-packages/uvicorn/config.py", line 439, in load
    self.loaded_app = import_from_string(self.app)
                      ~~~~~~~~~~~~~~~~~~^^^^^^^^^^
  File "/home/hf/Documents/raes-demo/raes-demo/.venv/lib/python3.13/site-packages/uvicorn/importer.py", line 19, in import_from_string
    module = importlib.import_module(module_str)
  File "/usr/lib/python3.13/importlib/__init__.py", line 88, in import_module
    return _bootstrap._gcd_import(name[level:], package, level)
           ~~~~~~~~~~~~~~~~~~~~~~^^^^^^^^^^^^^^^^^^^^^^^^^^^^^^
  File "<frozen importlib._bootstrap>", line 1387, in _gcd_import
  File "<frozen importlib._bootstrap>", line 1360, in _find_and_load
  File "<frozen importlib._bootstrap>", line 1331, in _find_and_load_unlocked
  File "<frozen importlib._bootstrap>", line 935, in _load_unlocked
  File "<frozen importlib._bootstrap_external>", line 1027, in exec_module
  File "<frozen importlib._bootstrap>", line 488, in _call_with_frames_removed
  File "/home/hf/Documents/raes-demo/raes-demo/main.py", line 4, in <module>
    from src.routers import clients, routes_inspection, sse_inspection, inventory, routes_yolo
  File "/home/hf/Documents/raes-demo/raes-demo/src/routers/routes_yolo.py", line 44
    Upload frames
           ^^^^^^
SyntaxError: invalid syntax
